Gs^Fds, Gs^Fds, Gs^Fds, Gs^Fds, Re, Gs^Fds, Gs^Fds, Re, Gs^Fds, Gs^Fds, Gs^Fds, Gs^Fds, Gg, Gs^Fds, Gs^Fds, Gs^Fds, Gs^Fds, Gs^Fds, Gs^Fds, Gs^Fds, Gs^Fds, Gs^Fds, Gg, Gg, Gg, Gs^Fds, Gs^Fds, Gs^Fds, Gs^Fds, Gs^Fds, Gs^Fds, Gs^Fds, Gs^Fds, Gs^Fds, Gs^Fds, Gs^Fds, Gs^Fds
Gs^Fds, Gs^Fds, Gs^Fds, Gs^Fds, Gs^Fds, Gs^Fds, Gs^Fds, Gs, Gs^Fds, Gs^Fds, Gs^Fds, Gs^Fds, Gs^Ve, Gs^Fds, Gs^Fds, Gs^Fds, Gs^Fds, Gs^Fds, Gs^Fds, Gs^Fds, Gs^Fds, Gg, Gg, Gg, Gg, Gs^Fds, Gs^Fds, Gs^Fds, Gs^Fds, Gs^Fds, Gs^Fds, Gs^Fds, Gs^Fds, Gs^Fds, Gs^Fds, Gs^Fds, Gs^Fds
Gs^Fds, Gs^Fds, Gs, Gs, Gs^Fds, Gs, Gs, Gs, Gs, Gs^Fds, Gg, Gs^Fds, Gg, Gs^Fds, Gs^Fds, Gs^Fds, Gg^Efm, Gg, Gg, Gs^Fds, Gs^Fds, Gs^Fds, Gs^Fds, Gg, Gg, Gs^Fds, Gs^Fds, Gs^Fds, Gs^Fds, Gs^Fds, Gs^Fds, Gs^Fds, Gs^Fds, Gs^Fds, Gs^Fds, Gs^Fds, Gs^Fds
Gs, Gs, Gs, Gg, Gs^Fds, Gs, Gs^Fds, Gs, Gs^Fds, Gg, Gg, Gg, Gg, Re, Gs, Gg^Efm, Gg, Gg, Gg, Hh, Hh, Hh, Gs^Fds, Gg, Gg, Gs^Fds, Gs^Fds, Gs^Fds, Gs^Fds, Gg^Ve, Gs^Fds, Gs^Fds, Gs^Fds, Gs^Fds, Gs^Fds, Gs^Fds, Sm
Gs, Gs, Gs^Fds, Gs^Fds, Gs^Fds, Gs^Fds, Gs^Fds, Gs^Fds, Gs^Fds, Gg, Gs, Gg, Gs^Fds, Gs, Gg, Gs, Gs^Fds, Gs^Fds, Gs^Fds, Hh, Hh, Hh, Gs^Fds, Gs^Fds, Gg, Gs^Fds, Gs^Fds, Gs^Fds, Gs^Fds, Gs^Fds, Gs^Fds, Gs^Fds, Sm, Gs^Fds, Gg^Fet, Gs^Fds, Wwf
Gs, Gs^Fds, Gs, Gs, Gg, Gs^Fds, Gg, Gs^Fds, Gg, Gg, Gg, Gs^Fds, Gs^Fds, Gs^Fds, Gg, Gs^Fds, Gs^Fds, Gs^Fds, Gs^Fds, Hh, Hh, Hh, Gs^Fds, Gs^Fds, Gg, Gs^Fds, Gs^Fds, Gs^Fds, Gs^Fds, Gs^Fds, Gs^Fds, Gs^Fds, Gs^Fds, Gs^Fds, Gs^Fds, Sm, Gs^Fds
Gs^Fds, Gs^Fds, Gs^Fds, Gs, Gs, Gs^Fds, Gg, Gg, Gg, Gg, Gg, Gs^Fds, Gs^Fds, Gg, Gg, Gg^Efm, Gg, Gg^Fet, Gs^Fds, Gg^Fet, Hh, Hh, Gs^Fds, Gs^Fds, Gg, Gs^Fds, Gs^Fds, Gs^Fds, Gs^Fds, Gs^Fds, Gs^Fds, Sm, Sm, Gs^Fds, Sm, Sm, Gg
Gs^Fds, Gs^Fds, Gs^Fds, Gg, Gg, Gs^Fds, Gs^Fds, Gs, Gg, Gg, Gs^Fds, Gs^Fds, Gs^Fds, Gg^Ve, Gs^Fds, Gs^Fds, Gg, Gg, Gs^Fds, Gs^Fds, Gg^Fet, Gs^Fds, Gg, Gs^Fds, Gg, Gs^Fds, Gs^Fds, Gs^Fds, Gs^Fds, Gs^Fds, Gs^Fds, Sm, Gg, Gg, Sm, Wwf, Gs^Fds
Re, Gs^Fds, Gs^Ve, Gg, Gg, Gg, Gs, Gg, Gg, Gs^Fds, Gs^Fds, Gs^Fds, Gs^Fds, Gs^Fds, Gs^Fds, Gs^Fds, Gg^Efm, Gg, Gg, Gs^Fds, Gs^Fds, Gs^Fds, Gg, Gg, Gg, Gs^Fds, Gs^Fds, Gs^Fds, Gs^Fds, Gg^Fet, Gs^Fds, Gs^Fds, Gg, Sm, Gs^Fds, Sm, Sm
Gs^Fds, Gs^Fds, Gs^Fds, Gs^Fds, Gs^Fds, Gs^Fds, Gs, Gg, Re, Gs^Fds, Gs^Fds, Gs^Fds, Gs^Fds, Gs^Fds, Gs^Fds, Gg, Gg^Efm, Gs^Fds, Gs^Fds, Gs^Fds, Gs^Fds, Gs^Fds, Gg, Gs^Fds, Gg, Gg, Gg, Gs^Fds, Gs^Fds, Gs^Fds, Gs^Fds, Sm, Gg, Gs^Fds, Sm, Gs^Fds, Gs^Fds
Gs^Fds, Gs^Fds, Gs^Fds, Gs^Fds, Gs^Fds, Gg^Fet, Gs^Fds, Gg^Efm, Gg, Gg, Gg, Gg, Gg, Gg^Fet, Gs^Fds, Gs^Fds, Gs^Fds, Gg, Gg, Gg^Fet, Gs^Fds, Gs^Fds, Gg, Gs^Fds, Gs^Fds, Gs^Fds, Gg, Gs^Fds, Gs^Fds, Gs^Fds, Gg, Gg, Gs^Fds, Gs^Fds, Gs^Fds, Gs^Fds, Gs^Fds
Gs^Fds, Gs^Fds, Gs^Fds, Gg^Fet, Gg^Efm, Gs^Fds, Gg, Gg, Gs^Fds, Gg^Ve, Gs^Fds, Gs^Fds, Gs^Fds, Gg^Efm, Gg^Efm, Gs^Fds, Gs^Fds, Gg, Gg^Efm, Gs^Fds, Gs^Fds, Gs^Fds, Gg, Gs^Fds, Gs^Fds, Gs^Fds, Gs^Fds, Gg, Gg, Gg, Gs^Fds, Gs^Fds, Gs^Fds, Gs^Fds, Gs^Fds, Gs^Fds, Gs^Fds
Gs^Fds, Gg^Fet, Gs^Fds, Gg, Gg, Gg^Efm, Gg^Efm, Gg, Gg^Efm, Gs^Fds, Gs^Fds, Gg^Fet, Gs^Fds, Gg, Gs^Fds, Gs^Fds, Gs^Fds, Gs^Fds, Gg, Gs^Fds, Gs^Fds, Gs^Fds, Gg, Gs^Fds, Gs^Fds, Gs^Fds, Gs^Fds, Gs^Fds, Gg, Gs^Fds, Gs^Fds, Gs^Fds, Gs^Fds, Gs^Fds, Gs^Fds, Gs^Fds, Gs^Fds
Gs^Fds, Gs^Fds, Gs^Fds, Gs^Fds, Gg, Gs^Fds, Gs^Fds, Gg, Gs^Fds, Gg^Efm, Gg, Gs^Fds, Gs^Fds, Gg^Ve, Gs^Fds, Gs^Fds, Gs^Fds, Gg, Gs^Fds, Gg^Ve, Gs^Fds, Gg, Gs^Fds, Gs^Fds, Gs^Fds, Gs^Fds, Gs^Fds, Gs^Fds, Gg, Gs^Fds, Gs^Fds, Gs^Fds, Gs^Fds, Gs^Fds, Gg^Ve, Gs^Fds, Gs^Fds
Gs^Fds, Gs^Fds, Gg^Ve, Gs^Fds, Gs^Fds, Gs^Fds, Gs^Fds, Gs^Fds, Gg^Ve, Gg, Gg^Efm, Gs^Fds, Gs^Fds, Gs^Fds, Gs^Fds, Gs^Fds, Gg^Efm, Gg, Gs^Fds, Gs^Fds, Gs^Fds, Gg, Gg, Gs^Fds, Gs^Fds, Gs^Fds, Gs^Fds, Gs^Fds, Gg, Gg, Gs^Fds, Gs^Fds, Gs^Fds, Gs^Fds, Gs^Fds, Gs^Fds, Gs^Fds
Hh, Hh, Gs^Fds, Gg^Fet, Gs^Fds, Gs^Fds, Gs^Fds, Gs^Fds, Gs^Fds, Gg, Gg, Gg, Gs^Fds, Gs^Fds, Gg^Fet, Gs^Fds, Gg, Gs^Fds, Gs^Fds, Gg^Fet, Gs^Fds, Gs^Fds, Gg, Gs^Fds, Gs^Fds, Gs^Fds, Gs^Fds, Gs^Fds, Gg, Gg, Gg, Gs^Fds, Gs^Fds, Gs^Fds, Gs^Fds, Gs^Fds, Gs^Fds
Hh, Hh, Hh, Gs^Fds, Hh, Gs^Fds, Gs^Fds, Gs^Fds, Gg, Gg^Efm, Gs^Fds, Gg^Efm, Gg, Gs^Fds, Gg, Gg, Gs^Fms, Gg, Gg^Efm, Gs^Fds, Gs^Fds, Gs^Fds, Gs^Fds, Gg, Gg, Gs^Fds, Gs^Fds, Gs^Fds, Gg, Gg, Gg, Gs^Fds, Gs^Fds, Gs^Fds, Gs^Fds, Gs^Fds, Gs^Fds
Mm, Mm, Mm, Hh, Hh, Gg^Fet, Gg^Efm, Gs^Fds, Gg^Efm, Gg, Gs^Fds, Gs^Fds, Gs^Fds, Gg^Efm, Gg, Gs^Fms, Gs^Fms, Hh, Gg, Gg, Gs^Fds, Gs^Fds, Gs^Fds, Gg, Gg, Gs^Fds, Gg, Gg, Gs^Fds, Gs^Fds, Gg, Gs^Fds, Gs^Fds, Gs^Fds, Gs^Fds, Gs^Fds, Gs^Fds
Hh, Hh, Hh, Hh, Hh, Hh, Gg^Efm, Gg, Gg^Ve, Gs^Fds, Gs^Fds, Gs^Fds, Gg^Ve, Gs^Fds, Gg, Gs^Fms, Gs^Efm, Hh, Gg, Gg^Efm, Gg^Fet, Gs^Fds, Gs^Fds, Gs^Fds, Gs^Fds, Gg, Gg, Gs^Fds, Gs^Fds, Gs^Fds, Gs^Fds, Gg, Gs^Fds, Gs^Fds, Gs^Fds, Gs^Fds, Gs^Fds
Hh, Hh, Gs^Fds, Hh, Gs^Fds, Gs^Fds, Gs^Fds, Gs^Fds, Gs^Fds, Gs^Fds, Gs^Fds, Gg^Fet, Gs^Fds, Gs^Fds, Gg, Gg^Efm, Gg, Gg, Gs^Fds, Gs^Fds, Gs^Fds, Gs^Fds, Gs^Fds, Gs^Fds, Gs^Fds, Gg, Gg, Gs^Fds, Gs^Fds, Gs^Fds, Gg, Gg, Gs^Fds, Gs^Fds, Gs^Fds, Gs^Fds, Gs^Fds
Gs^Fds, Gs^Fds, Gs^Fds, Gs^Fds, Gs^Fds, Gs^Fds, Gs^Fds, Gs^Fds, Gs^Fds, Gs^Fds, Gs^Fds, Gs^Fds, Gs^Fds, Gs^Fds, Gs^Fds, Gs^Fds, Gs^Fds, Gs^Fds, Gs^Fds, Gs^Fds, Gs^Fds, Gs^Fds, Gs^Fds, Gs^Fds, Gs^Fds, Gg, Gg, Gs^Fds, Gs^Fds, Gs^Fds, Gg^Efm, Gs^Fds, Gs^Fds, Gs^Fds, Gs^Fds, Gs^Fds, Gs^Fds
Gs^Fds, Gs^Fds, Gs^Fds, Gs^Fds, Gs^Fds, Gs^Fds, Gs^Fds, Gs^Fds, Gs^Fds, Gs^Fds, Gs^Fds, Gs^Fds, Gs^Fds, Gs^Fds, Gs^Fds, Gs^Fds, Gs^Fds, Gs^Fds, Gs^Fds, Gs^Fds, Gs^Fds, Gs^Fds, Gg, Gs^Fds, Gg, Gg, Gs^Fds, Gs^Fds, Gs^Fds, Gs^Fds, Gg^Efm, Gg^Efm, Gs^Fds, Gs^Fds, Gs^Fds, Gs^Fds, Gs^Fds
Gs^Fds, Gs^Fds, Gs^Fds, Gs^Fds, Gs^Fds, Gs^Fds, Gs^Fds, Gs^Fds, Gs^Fds, Gs, Gs^Fds, Gs^Fds, Gs^Fds, Gs^Fds, Gs^Fds, Gs^Fds, Gs^Fds, Gs^Fds, Gs^Fds, Gs^Fds, Gs^Fds, Gg^Efm, Gg, Gg, Gs^Fds, Gs^Fds, Gs^Fds, Gs^Fds, Gs^Fds, Gs^Fds, Gs^Fds, Gg^Efm, Gs^Fds, Gs^Fds, Gg, Gs^Fds, Gs^Fds
Gs^Fds, Gs^Fds, Gs^Fds, Gs^Fds, Gs^Fds, Gs^Fds, Gs^Fds, Gg^Ve, Gs^Fds, Gs^Fds, Gs^Fds, Gs, Gs^Fds, Gs^Fds, Gs, Gs^Fds, Gs^Fds, Gs^Fds, Gs^Fds, Gs^Fds, Gg^Efm, Gg^Efm, Gg^Efm, Gg, Gs^Fds, Gg^Ve, Gs^Fds, Gg^Fet, Gs^Fds, Gs^Fds, Gg, Gg^Efm, Gg, Gg, Gg, Gg, Gg
Gg, Gs^Fds, Gs^Fds, Gs^Fds, Gs^Fds, Gs^Fds, Gs^Fds, Gs^Fds, Gs^Fds, Gs^Fds, Gs^Fds, Gs^Fds, Gs^Fds, Gs^Fds, Gs^Fds, Gs^Fds, Gs^Fds, Gs^Fds, Gg, Gs^Fds, Gg^Efm, Gg^Efm, Gg^Efm, Gs^Fds, Gs^Fds, Gs^Fds, Gs^Fds, Gs^Fds, Gs^Fds, Gs^Fds, Gg, Gg, Gs^Fds, Gg, Gs^Fds, Gs^Fds, Gs^Fds
Gg, Gg, Gg, Gs^Fds, Gs^Fds, Gs^Fds, Gs^Fds, Gs^Fds, Gs^Fds, Gs^Fds, Gs^Fds, Gs^Fds, Gg, Gs^Fds, Gs^Fds, Gs^Fds, Gs^Fds, Gs^Fds, Gg, Gg, Gs^Fds, Gs^Fds, Gs^Fds, Gg, Gs^Fds, Gg^Fet, Gs^Fds, Gg^Fet, Gs^Fds, Gs^Fds, Gg^Efm, Gs^Fds, Gs^Fds, Gs^Fds, Gs^Fds, Gs^Fds, Gs^Fds
Gs^Fds, Gg, Gg, Gg, Cv, Cv, Gg, Gs^Fds, Gs^Fds, Gs^Fds, Gg, Gg, Gg, Gg, Gg, Gg, Gg, Gg^Efm, Gg^Efm, Gs^Fds, Gs^Fds, Gs^Fds, Gs^Fds, Gg, Gs^Fds, Gs^Fds, Gs^Fds, Gs^Fds, Gs^Fds, Gg, Gs^Fds, Gs^Fds, Gs^Fds, Gs^Fds, Gs^Fds, Gs^Fds, Gs^Fds
Gs^Fds, Gs^Fds, Gs^Fds, Cv, Cv, 3 Kv, Gg, Gg, Gg, Gg, Hh, Gg, Gg, Gg, Gg, Gg, Gg, Gg, Gs^Fds, Gs^Fds, Gs^Fds, Gs^Fds, Gg, Gg, Gs^Fds, Gg, Gg, Gs^Fds, Gg, Gg, Gs^Fds, Gs^Fds, Gs^Fds, Gs^Fds, Gg^Ve, Gs^Fds, Gs^Fds
Gs^Fds, Gs^Fds, Gs^Fds, Cv, Cv, Cv, Gg, Gg, Gg, Hh, Mm, Hh, Hh, Gg, Gs^Fds, Gs^Fds, Gs^Fds, Gg, Gg, Gg, Gs^Fds, Gg, Gs^Fds, Gs^Fds, Gs^Fds, Gg, Gs^Fds, Gg, Gs^Fds, Gs^Fds, Gs^Fds, Gs^Fds, Gs^Fds, Gs^Fds, Gs^Fds, Gs^Fds, Gs^Fds
Gs^Fds, Gs^Fds, Gs^Fds, Gs^Fds, Gs^Fds, Gg, Gg, Hh, Gg, Hh, Hh, Mm, Hh, Gg, Gs^Fds, Gs^Fds, Gs^Fds, Gs^Fds, Gg, Gg, Gg, Gg, Gs^Fds, Gs^Fds, Gs^Fds, Gg, Gs^Fds, Gs^Fds, Gs^Fds, Gs^Fds, Gs^Fds, Gs^Fds, Gs^Fds, Gs^Fds, Gs^Fds, Gs^Fds, Gs^Fds
Gs^Fds, Gs^Fds, Gg^Ve, Gs^Fds, Gs^Fds, Gs^Fds, Gg, Gg, Gg, Gg, Gg, Wwt, Wwt, Gg, Gs^Fds, Gs^Fds, Gs^Fds, Gs^Fds, Gg, Gg, Gs^Fds, Gs^Fds, Gs^Fds, Gs^Fds, Gg, Gg, Gs^Fds, Gs^Fds, Gs^Fds, Gs^Fds, Gs^Fds, Gs^Fds, Gs^Fds, Gs^Fds, Gs^Fds, Gs^Fds, Gs^Fds
Gs^Fds, Gs^Fds, Gs^Fds, Gs^Fds, Gs^Fds, Gs^Fds, Gs^Fds, Gg, Gs^Fds, Gs^Fds, Gs^Fds, Wwt, Wwt, Gg, Gs^Fds, Gs^Fds, Gs^Fds, Gg, Gs^Fds, Gg, Gs^Fds, Gs^Fds, Gs^Fds, Gs^Fds, Gs^Fds, Gg, Gg, Gs^Fds, Gs^Fds, Gs^Fds, Gs^Fds, Gs^Fds, Gs^Fds, Gs^Fds, Gs^Fds, Gs^Fds, Gs^Fds
Gs^Fds, Gs^Fds, Gs^Fds, Gs^Fds, Gs^Fds, Gs^Fds, Gs^Fds, Gs^Fds, Gs^Fds, Gs^Fds, Gg, Gg, Wwt, Gg, Gs^Fds, Gs^Fds, Gs^Fds, Gg, Gg, Gg, Gs^Fds, Gs^Fds, Gs^Fds, Gs^Fds, Gs^Fds, Gs^Fds, Gg, Gs^Fds, Gs^Fds, Gs^Fds, Gs^Fds, Gs^Fds, Gg^Efm, Gg^Fet, Gs^Fds, Gs^Fds, Gg
Gs^Fds, Gs^Fds, Gs^Fds, Gs^Fds, Gs^Fds, Gs^Fds, Gs^Fds, Gs^Fds, Gs^Fds, Gs^Fds, Gg, Gs^Fds, Wwt, Gs^Fds, Gs^Fds, Gs^Fds, Gs^Fds, Gg, Gs^Fds, Gs^Fds, Gs^Fds, Gs^Fds, Gs^Fds, Gs^Fds, Gs^Fds, Gs^Fds, Gg^Efm, Gg, Gs^Fds, Gs^Fds, Gs^Fds, Gg, Gg, Gs^Fds, Gg, Gg, Gs^Fds
Gs^Fds, Gs^Fds, Gs^Fds, Gs^Fds, Gs^Fds, Gs^Fds, Gs^Fds, Gs^Fds, Gg, Gg, Gs^Fds, Gs^Fds, Wwt, Gs^Fds, Gs^Fds, Gs^Fds, Gg, Gg, Gs^Fds, Gs^Fds, Gs^Fds, Gg^Ve, Gs^Fds, Gs^Fds, Gs^Fds, Gs^Fds, Gs^Fds, Gs^Fds, Hh, Gs^Fds, Gg, Gg, Gs^Fds, Gg, Gg^Ve, Gs^Fds, Gs^Fds
Gs^Fds, Gs^Fds, Gs^Fds, Gs^Fds, Gs^Fds, Gg^Ve, Gs^Fds, Gs^Fds, Gg, Gs^Fds, Gs^Fds, Gs^Fds, Wwt, Gs^Fds, Gg, Gg, Gs^Fds, Gs^Fds, Gs^Fds, Gs^Fds, Gs^Fds, Gs^Fds, Gs^Fds, Gs^Fds, Gs^Fds, Gg, Gg, Gg, Gs^Fds, Gs^Fds, Gs^Fds, Gs^Fds, Gs^Fds, Gs^Fds, Gs^Fds, Gs^Fds, Gs^Fds
Gs^Fds, Gs^Fds, Gs^Fds, Gs^Fds, Gs^Fds, Gs^Fds, Gg^Fet, Gg, Gs^Fds, Gs^Fds, Gs^Fds, Wwt, Gg, Gg, Gs^Fds, Gs^Fds, Gs^Fds, Gs^Fds, Gs^Fds, Gs^Fds, Gs^Fds, Gs^Fds, Gs^Fds, Hh, Gs^Fds, Gg, Gg, Gs^Fds, Hh, Gs^Fds, Gs^Fds, Gs^Fds, Gs^Fds, Gs^Fds, Gs^Fds, Gs^Fds, Gs^Fds
Gs^Fds, Gs^Fds, Gs^Fds, Gs^Fds, Gs^Fds, Gs^Fds, Gs^Fds, Gs^Fds, Gs^Fds, Gs^Fds, Wwt, Wwt, Gs^Fds, Gs^Fds, Gs^Fds, Gs^Fds, Gs^Fds, Gs^Fds, Gs^Fds, Gs^Fds, Gs^Fds, Hh, Hh, Gs^Fds, Gg, Gg, Gs^Fds, Gs^Fds, Gs^Fds, Gs^Fds, Gs^Fds, Hh, Hh, Gs^Fds, Gs^Fds, Gs^Fds, Gs^Fds
Gg, Gs^Fds, Gg, Gs^Fds, Gg, Gs^Fds, Gg, Gg, Gs^Fds, Wwt, Gg, Gs^Fds, Gs^Fds, Gs^Fds, Gs^Fds, Gs^Fds, Gs^Fds, Gs^Fds, Gs^Fds, Gs^Fds, Hh, Hh, Gs^Fds, Gs^Fds, Gg, Gs^Fds, Gs^Fds, Gs^Fds, Hh, Gs^Fds, Gs^Fds, Gs^Fds, Gs^Fds, Gs^Fds, Gs^Fds, Gs^Fds, Gs^Fds
Gs^Fds, Gg, Gs^Fds, Gg, Gg, Gg, Gg, Gg, Wwt, Wwt, Gg, Gs^Fds, Gs^Fds, Gs^Fds, Gs^Fds, Gs^Fds, Gg^Ve, Gs^Fds, Gs^Fds, Gs^Fds, Gs^Fds, Gs^Fds, Gs^Fds, Gg, Gs^Fds, Gs^Fds, Gs^Fds, Hh, Hh, Hh, Hh, Gs^Fds, Gs^Fds, Gs^Fds, Gs^Fds, Gs^Fds, Gs^Fds
Gs^Fds, Gs^Fds, Gs^Fds, Gs^Fds, Gs^Fds, Gs^Fds, Gs^Fds, Gs^Fds, Wwt, Gg, Gg, Gg, Gg, Gs^Fds, Gs^Fds, Gs^Fds, Gs^Fds, Gs^Fds, Gs^Fds, Gs^Fds, Gg^Fet, Gs^Fds, Hh, Gg, Gs^Fds, Gs^Fds, Gs^Fds, Hh, Hh, Mm, Hh, Hh, Hh, Gs^Fds, Gs^Fds, Gs^Fds, Gs^Fds
Gs^Fds, Gs^Fds, Gs^Fds, Gs^Fds, Gs^Fds, Gs^Fds, Gs^Fds, Gs^Fds, Wwt, Gll^Fdw, Gll^Fdw, Gg, Gll^Fdw, Gg, Gg, Gg^Efm, Gs^Fds, Gs^Fds, Gs^Fds, Gs^Fds, Gs^Fds, Gs^Fds, Hh, Gg, Gg, Gs^Fds, Gs^Fds, Hh, Hh, Hh, Gs^Fds, Hh, Hh, Hh, Hh, Gs^Fds, Gs^Fds
Gs^Fds, Gs^Fds, Gs^Fds, Gs^Fds, Gs^Fds, Gs^Fds, Gs^Fds, Gs^Fds, Wwt, Gll^Fdw, Gll^Fdw, Gll^Fdw, Gll^Fdw, Gll^Fdw, Gg, Gg^Efm, Gs^Fds, Gs^Fds, Gs^Fds, Gs^Fds, Hh, Gs^Fds, Gs^Fds, Gs^Fds, Gg, Gs^Fds, Gg^Ve, Gs^Fds, Gs^Fds, Hh, Gs^Fds, Hh, Gs^Fds, Hh, Gs^Fds, Gs^Fds, Gs^Fds
Gs^Fds, Gs^Fds, Gs^Fds, Gs^Fds, Gs^Fds, Gs^Fds, Wwt, Wwt, Gll^Fdw, Gll^Fdw, Gll^Fdw, Gll^Fdw, Gg^Ve, Gll^Fdw, Gll^Fdw, Gg, Gs^Fds, Gs^Fds, Gs^Fds, Hh, Gs^Fds, Gs^Fds, Gg^Efm, Hh, Gg, Gs^Fds, Gs^Fds, Gs^Fds, Gs^Fds, Gs^Fds, Gs^Fds, Gs^Fds, Gs^Fds, Gs^Fds, Gs^Fds, Gs^Fds, Gs^Fds
Gs^Fds, Gs^Fds, Gs^Fds, Gs^Fds, Wwt, Wwt, Gll^Fdw, Gll^Fdw, Gd, Gll^Fdw, Gd, Gll^Fdw, Gll^Fdw, Gll^Fdw, Gll^Fdw, Gg, Gg, Gs^Fds, Gs^Fds, Hh, Gs^Fds, Gg^Efm, Gg, Gs^Fds, Gg, Gg, Gs^Fds, Gs^Fds, Hh, Hh, Gs^Fds, Gs^Fds, Hh, Gs^Fds, Gs^Fds, Gg^Fet, Gs^Fds
Gs^Fds, Gs^Fds, Gs^Fds, Gs^Fds, Wwt, Gll^Fdw, Gll^Fdw, Gd, Cvr, Gd, Cvr, Gd, Gd, Gll^Fdw, Gll^Fdw, Gll^Fdw, Gll^Fdw, Gg, Gg, Gs^Fds, Gs^Fds, Gs^Fds, Hh, Gg, Gg, Gg, Gs^Fds, Gs^Fds, Gs^Fds, Gs^Fds, Gs^Fds, Hh, Gs^Fds, Gs^Fds, Hh, Gs^Fds, Gs^Fds
Gs^Fds, Gs^Fds, Wwt, Wwt, Gll^Fdw, Gg^Fet, Gd, Gd, Cvr, 2 Kvr, Cvr, Gd, Gd, Rb, Gll^Fdw, Gll^Fdw, Gll^Fdw, Gll^Fdw, Gll^Fdw, Gg, Gg, Gg, Gg, Hh, Gg, Gs^Fds, Gs^Fds, Gg, Gg, Gs^Fds, Hh, Gs^Fds, Gs^Fds, Gs^Fds, Gs^Fds, Gs^Fds, Gs^Fds
Gs^Fds, Wwt, Wwt, Wwt, Gll^Fdw, Gll^Fdw, Gll^Fdw, Gd, Gd, Cvr, Gd, Gd, Gll^Fdw, Rb, Rb, Gll^Fdw, Gll^Fdw, Gg, Gll^Fdw, Gll^Fdw, Gll^Fdw, Gg, Gg, Gg, Gs^Fds, Gs^Fds, Hh, Gs^Fds, Gg^Efm, Gs^Fds, Gs^Fds, Gs^Fds, Gs^Fds, Gs^Fds, Gs^Fds, Gs^Fds, Gs^Fds
Wwt, Wwt, Gll^Fdw, Gd, Gll^Fdw, Gll^Fdw, Gg^Ve, Gll^Fdw, Gll^Fdw, Gd, Gd, Gd, Gll^Fdw, Gll^Fdw, Gll^Fdw, Rb, Rb, Gll^Fdw, Rb, Gll^Fdw, Gll^Fdw, Gll^Fdw, Rb, Gg, Gs^Fds, Hh, Gs^Fds, Gs^Fds, Rb, Rb, Gs^Fds, Gs^Fds, Gs^Fds, Gs^Fds, Gs^Fds, Gs^Fds, Gs^Fds
Gll^Fdw, Gll^Fdw, Gll^Fdw, Gd, Gd, Gll^Fdw, Gll^Fdw, Gll^Fdw, Gll^Fdw, Gll^Fdw, Gll^Fdw, Gll^Fdw, Rb, Gll^Fdw, Rb, Rb, Rb, Rb, Rb, Rb, Rb, Rb, Rb, Rb, Gs^Fds, Gs^Fds, Rb, Rb, Rb, Gs^Fds, Gs^Fds, Gs^Fds, Gs^Fds, Gs^Fds, Gg^Ve, Gs^Fds, Gs^Fds
Rb, Gll^Fdw, Rb, Gll^Fdw, Gll^Fdw, Gd, Gll^Fdw, Gll^Fdw, Gll^Fdw, Gll^Fdw, Rb, Rb, Gll^Fdw, Gll^Fdw, Rb, Rb, Gs^Fds, Gs^Fds, Rb, Rb, Gll^Fdw, Gll^Fdw, Gll^Fdw, Rb, Rb, Rb, Gs^Fds, Gs^Fds, Gs^Fds, Gs^Fds, Gs^Fds, Gs^Fds, Gs^Fds, Gs^Fds, Gs^Fds, Gs^Fds, Gs^Fds
Gll^Fdw, Rb, Gll^Fdw, Rb, Gll^Fdw, Gd, Gll^Fdw, Gll^Fdw, Gll^Fdw, Rb, Gll^Fdw, Gll^Fdw, Gd, Gll^Fdw, Rb, Rb, Gs^Fds, Gs^Fds, Rb, Rb, Gll^Fdw, Gll^Fdw, Gll^Fdw, Rb, Rb, Gs^Fds, Gs^Fds, Gs^Fds, Gs^Fds, Gs^Fds, Gg, Gg, Gg, Gs^Fds, Gs^Fds, Gs^Fds, Gs^Fds
Gll^Fdw, Gll^Fdw, Gll^Fdw, Rb, Rb, Gll^Fdw, Rb, Rb, Rb, Gll^Fdw, Gll^Fdw, Gd, Gll^Fdw, Gll^Fdw, Rb, Rb, Rb, Gs^Fds, Rb, Rb, Gll^Fdw, Gll^Fdw, Gll^Fdw, Rb, Gs^Fds, Gs^Fds, Gs^Fds, Gs^Fds, Gs^Fds, Gs^Fds, Gg, Gg^Efm, Gg, Gs^Fds, Gs^Fds, Gs^Fds, Gs^Fds
Gll^Fdw, Gll^Fdw, Gll^Fdw, Gll^Fdw, Gll^Fdw, Rb, Gll^Fdw, Rb, Gll^Fdw, Gll^Fdw, Gll^Fdw, Gd, Gd, Gd, Gll^Fdw, Rb, Gll^Fdw, Rb, Rb, Gll^Fdw, Gll^Fdw, Gll^Fdw, Gll^Fdw, Rb, Rb, Gs^Fds, Gs^Fds, Gg^Fet, Gs^Fds, Gs^Fds, Gg^Efm, Gg^Efm, Gg, Gs^Fds, Gs^Fds, Gs^Fds, Gs^Fds
Gll^Fdw, Gll^Fdw, Gll^Fdw, Gll^Fdw, Gll^Fdw, Gll^Fdw, Gll^Fdw, Rb, Gll^Fdw, Gll^Fdw, Rb, Rb, Rb, Gll^Fdw, Gll^Fdw, Gll^Fdw, Gll^Fdw, Rb, Gll^Fdw, Rb, Rb, Rb, Rb, Rb, Rb, Gs^Fds, Gs^Fds, Gs^Fds, Gs^Fds, Gg^Efm, Gg^Efm, Gg^Efm, Gg, Gs^Fds, Gs^Fds, Gs^Fds, Gs^Fds
Gll^Fdw, Gll^Fdw, Gll^Fdw, Gll^Fdw, Gll^Fdw, Gll^Fdw, Gll^Fdw, Rb, Gll^Fdw, Gll^Fdw, Rb, Rb, Gll^Fdw, Gg^Fet, Gll^Fdw, Gll^Fdw, Gll^Fdw, Gll^Fdw, Gd, Gll^Fdw, Gll^Fdw, Gll^Fdw, Rb, Gs^Fds, Rb, Gs^Fds, Gg^Ve, Gs^Fds, Gs^Fds, Gg^Efm, Gg^Efm, Gg, Gs^Fds, Gs^Fds, Gs^Fds, Gs^Fds, Gs^Fds
Gll^Fdw, Gll^Fdw, Gg^Ve, Gll^Fdw, Gll^Fdw, Gll^Fdw, Gll^Fdw, Rb, Rb, Rb, Gll^Fdw, Gll^Fdw, Gll^Fdw, Gll^Fdw, Gll^Fdw, Gll^Fdw, Gll^Fdw, Gll^Fdw, Gll^Fdw, Gd, Gd, Gll^Fdw, Gll^Fdw, Rb, Rb, Gs^Fds, Gs^Fds, Gs^Fds, Gg^Efm, Gg^Efm, Gg^Efm, Gs^Fds, Gs^Fds, Gs^Fds, Gg, Gg, Gg
Gll^Fdw, Gll^Fdw, Gll^Fdw, Gll^Fdw, Gll^Fdw, Gll^Fdw, Gll^Fdw, Rb, Rb, Gll^Fdw, Gll^Fdw, Gll^Fdw, Gll^Fdw, Gd, Gll^Fdw, Gll^Fdw, Gg^Ve, Gll^Fdw, Gll^Fdw, Gll^Fdw, Gd, Gll^Fdw, Gll^Fdw, Gll^Fdw, Rb, Gs^Fds, Gs^Fds, Gs^Fds, Gg, Gg, Gg^Efm, Gs^Fds, Gg, Gg, Gd, Gd, Gd
Gll^Fdw, Gll^Fdw, Gll^Fdw, Gll^Fdw, Gll^Fdw, Gll^Fdw, Rb, Gll^Fdw, Rb, Gll^Fdw, Gll^Fdw, Gll^Fdw, Gll^Fdw, Gd, Gd, Gll^Fdw, Gll^Fdw, Gll^Fdw, Gll^Fdw, Gll^Fdw, Gd, Gll^Fdw, Gll^Fdw, Gll^Fdw, Rb, Gs^Fds, Gs^Fds, Gs^Fds, Gg^Efm, Gg, Gg^Efm, Gg^Efm, Gg, Gg^Efm, Gd, Gd, Gd
Gll^Fdw, Gll^Fdw, Gll^Fdw, Gll^Fdw, Gll^Fdw, Gll^Fdw, Rb, Rb, Rb, Rb, Rb, Rb, Rb, Gd, Gll^Fdw, Gll^Fdw, Gll^Fdw, Gll^Fdw, Gll^Fdw, Gll^Fdw, Gll^Fdw, Gll^Fdw, Gg^Efm, Gll^Fdw, Rb, Rb, Rb, Gg^Efm, Gd, Gg, Gd, Gg, Gd, Gd, Gd, Gd, Gd
Gll^Fdw, Gll^Fdw, Gll^Fdw, Gll^Fdw, Gll^Fdw, Rb, Gd, Gd, Gd, Gd, Gd, Gd, Gd, Gg^Efm, Gg^Efm, Gll^Fdw, Gll^Fdw, Gll^Fdw, Gll^Fdw, Gll^Fdw, Rb, Rb, Gg^Efm, Gg^Efm, Gd, Rb, Rb, Gd, Gd, Gd, Gd, Gd, Gd, Gd, Gg^Ve, Gd, Gd
Gll^Fdw, Gll^Fdw, Rb, Rb, Rb, Rb, Gd, Gd, Gd, Gd, Gg^Ve, Gd, Gd, Gd, Gd, Rb, Rb, Rb, Rb, Rb, Gd, Rb, Gd, Gd, Gd, Gd, Rb, Rb, Gd, Gd, Gd, Gd, Gd, Gd, Gd, Gd, Gd
Gll^Fdw, Gll^Fdw, Rb, Gd, Gd, Gd, Gd, Gd, Gd, Gd, Gd, Gd, Gd, Gd, Gd, Rb, Rb, Gd, Gd, Gd, Gg, Gd, Gd, Gd, Gg^Efm, Gd, Rb, Rb, Gd, Gd, Gd, Gd, Gd, Gd, Gd, Gd, Gd
Gll^Fdw, Gll^Fdw, Rb, Gd, Gd, Gd, Gd, Gd, Gd, Gd, Gd, Gd, Rb, Gd, Gd, Gd, Gd, Rb, Gd, Gd, Gd, Gd, Gg^Efm, Gg, Gd, Rb, Gd, Rb, Gd, Gd, Gd, Gd, Gd, Gd, Gd, Gd, Gd
Rb, Rb, Gd, Gd, Gd, Gd, Gd, Gd, Gd, Gd, Gd, Gd, Rb, Rb, Gd, Gd, Rb, Rb, Gd, Gg^Fet, Gd, Gd, Gg, Gg, Gd, Gd, Rb, Rb, Gd, Gd, Gd, Gd, Gd, Gd, Gd, Gd, Gd
Gd, Gd, Gd, Gd, Gd, Gd, Gd, Gd, Gd, Gd, Gd, Gd, Rb, Gd, Gd, Gd, Rb, Gd, Gd, Gd, Gd, Gd, Ce, Gd, Rb, Rb, Gd, Gd, Gd, Gd, Gd, Gd, Gd, Gd, Gd, Gd, Gd
Gd, Gd, Gd, Gd, Gd, Gg^Ve, Gd, Gd, Gd, Gd, Gd, Gd, Gd, Rb, Gd, Gd, Rb, Gd, Gd, Gd, Gd, Ce, 1 Ke, Ce, Gd, Gd, Gd, Gd, Gd, Gd, Gd, Gg^Ve, Gd, Gd, Gd, Gd, Gd
Gd, Gd, Gd, Gd, Gg^Fet, Gd, Gd, Gd, Gd, Gd, Gd, Gd, Gd, Gd, Gd, Gd, Gd, Rb, Rb, Rb, Rb, Ce, Gd, Gd, Gd, Gd, Gd, Gd, Gd, Gd, Gd, Gd, Gd, Gd, Gg^Fet, Gd, Gd
Gd, Gd, Gd, Gd, Gd, Gd, Gd, Gd, Gd, Gd, Gd, Gd, Gd, Gd, Gd, Gd, Gd, Gd, Gd, Rb, Gd, Rb, Gd, Gd, Gd, Gd, Gd, Gd, Gd, Gd, Gg, Gd, Gd, Gd, Gd, Gd, Gd
Gd, Gd, Gd, Gd, Gd, Gd, Gd, Gd, Gd, Gd, Gd, Gd, Gd, Gd, Rb, Gd, Gd, Gd, Gd, Gd, Gd, Rb, Gd, Gd, Gd, Gd, Gd, Gd, Gd, Gg, Gg, Gg, Gg, Gd, Gd, Gd, Gd
Gd, Gd, Gd, Gd, Gd, Gd, Rb, Gd, Rb, Gd, Gd, Gd, Rb, Rb, Rb, Rb, Gd, Gg^Ve, Gd, Gd, Rb, Rb, Gd, Gd, Gd, Gd, Gd, Gd, Gd, Gg, Gg^Efm, Gg^Efm, Gg, Gd, Gd, Gd, Gd
Gd, Gd, Gd, Gd, Gd, Rb, Rb, Rb, Gd, Gd, Gd, Gd, Rb, Rb, Rb, Rb, Gd, Gd, Gd, Gd, Rb, Rb, Gd, Gd, Gd, Gd, Gd, Gd, Gg, Gg, Gg^Efm, Gg^Efm, Gd, Gd, Gd, Gd, Gd
